2026-08-09 22:35:37,232 INFO Running reddit with post_cap=40, recency cutoff=2026-02-07
2026-08-09 22:35:58,273 INFO Reddit: post 1vjuzxs -> 1 comments
2026-08-09 22:36:10,607 INFO Reddit: post 1vju8x0 -> 0 comments
2026-08-09 22:36:22,794 INFO Reddit: post 1vju6lg -> 7 comments
2026-08-09 22:36:46,719 INFO Reddit: post 1vjstd0 -> 7 comments
2026-08-09 22:36:58,294 INFO Reddit: post 1vjs82d -> 1 comments
2026-08-09 22:37:10,919 INFO Reddit: post 1vjrd5c -> 10 comments
2026-08-09 22:37:19,220 INFO Reddit: post 1vjq0vp -> 2 comments
2026-08-09 22:37:29,870 INFO Reddit: post 1vjpy6d -> 27 comments
2026-08-09 22:37:40,695 INFO Reddit: post 1vjo2tu -> 30 comments
2026-08-09 22:37:50,615 INFO Reddit: post 1vjo2tl -> 21 comments
2026-08-09 22:38:00,909 INFO Reddit: post 1vjmmal -> 15 comments
2026-08-09 22:38:09,706 INFO Reddit: post 1vjlxw8 -> 1 comments
2026-08-09 22:38:18,222 INFO Reddit: post 1vjkgum -> 0 comments
2026-08-09 22:38:28,469 INFO Reddit: post 1vjkguc -> 24 comments
2026-08-09 22:38:37,619 INFO Reddit: post 1vjkgu5 -> 9 comments
2026-08-09 22:38:48,789 INFO Reddit: post 1vjkgu0 -> 22 comments
2026-08-09 22:38:57,758 INFO Reddit: post 1vjiy0o -> 7 comments
2026-08-09 22:39:07,345 INFO Reddit: post 1vjheo0 -> 10 comments
2026-08-09 22:39:17,020 INFO Reddit: post 1vjh8sp -> 10 comments
2026-08-09 22:39:27,712 INFO Reddit: post 1vjgvfg -> 23 comments
2026-08-09 22:39:37,988 INFO Reddit: post 1vjgfiu -> 0 comments
2026-08-09 22:39:54,392 INFO Reddit: post 1vjek0b -> 31 comments
2026-08-09 22:40:20,151 INFO Reddit: post 1vjaxts -> 11 comments
2026-08-09 22:40:34,862 INFO Reddit: post 1vj7n1l -> 20 comments
2026-08-09 22:40:46,617 INFO Reddit: post 1vj59jj -> 5 comments
2026-08-09 22:40:59,431 INFO Reddit: post 1vj4gcw -> 2 comments
2026-08-09 22:41:14,647 INFO Reddit: post 1vj40n5 -> 24 comments
2026-08-09 22:41:25,497 INFO Reddit: post 1vj3cmv -> 8 comments
2026-08-09 22:41:36,087 INFO Reddit: post 1vj0ns6 -> 9 comments
2026-08-09 22:41:53,059 INFO Reddit: post 1vj092r -> 45 comments
2026-08-09 22:42:09,575 INFO Reddit: post 1viyxdi -> 38 comments
2026-08-09 22:42:23,053 INFO Reddit: post 1viy7pa -> 18 comments
2026-08-09 22:42:35,581 INFO Reddit: post 1viy7de -> 3 comments
2026-08-09 22:42:47,412 INFO Reddit: post 1vixvci -> 3 comments
2026-08-09 22:43:00,497 INFO Reddit: post 1vixleo -> 3 comments
2026-08-09 22:43:12,370 INFO Reddit: post 1vixc8t -> 2 comments
2026-08-09 22:43:24,625 INFO Reddit: post 1vix2ug -> 4 comments
2026-08-09 22:43:37,951 INFO Reddit: post 1vix1xw -> 7 comments
2026-08-09 22:43:50,122 INFO Reddit: post 1viwx7a -> 0 comments
2026-08-09 22:44:04,670 INFO Reddit: post 1viwopx -> 23 comments
2026-08-09 22:44:04,670 INFO Reddit: r/Cricket -> 40 posts kept (0 skipped as older than the 2026-02-07 cutoff, 40 returned)
2026-08-09 22:44:22,112 INFO Reddit: post 1vjpa5d -> 0 comments
2026-08-09 22:44:33,625 INFO Reddit: post 1vivf6c -> 6 comments
2026-08-09 22:44:46,306 INFO Reddit: post 1vibcn3 -> 9 comments
2026-08-09 22:44:59,721 INFO Reddit: post 1vhzzeg -> 9 comments
2026-08-09 22:45:25,390 INFO Reddit: post 1vh3kyt -> 3 comments
2026-08-09 22:45:40,697 INFO Reddit: post 1vgtlbq -> 33 comments
2026-08-09 22:45:52,492 INFO Reddit: post 1vg6pcz -> 2 comments
2026-08-09 22:46:05,541 INFO Reddit: post 1vf9oo8 -> 3 comments
2026-08-09 22:46:18,283 INFO Reddit: post 1vex9p5 -> 1 comments
2026-08-09 22:46:30,472 INFO Reddit: post 1vecr1a -> 2 comments
2026-08-09 22:46:43,495 INFO Reddit: post 1vdhhqn -> 2 comments
2026-08-09 22:46:53,886 INFO Reddit: post 1vdcluh -> 9 comments
2026-08-09 22:47:05,506 INFO Reddit: post 1vcmswj -> 4 comments
2026-08-09 22:47:17,247 INFO Reddit: post 1vbqa9b -> 1 comments
2026-08-09 22:47:29,810 INFO Reddit: post 1vaszlq -> 8 comments
2026-08-09 22:47:41,192 INFO Reddit: post 1v9z7uk -> 0 comments
2026-08-09 22:47:53,488 INFO Reddit: post 1v9viib -> 3 comments
2026-08-09 22:48:05,423 INFO Reddit: post 1v8xtmw -> 3 comments
2026-08-09 22:48:18,721 INFO Reddit: post 1v7zq4d -> 5 comments
2026-08-09 22:48:31,886 INFO Reddit: post 1v7397z -> 6 comments
2026-08-09 22:48:43,066 INFO Reddit: post 1v67rro -> 0 comments
2026-08-09 22:48:55,297 INFO Reddit: post 1v5apvo -> 2 comments
2026-08-09 22:49:08,581 INFO Reddit: post 1v4zkmv -> 4 comments
2026-08-09 22:49:20,110 INFO Reddit: post 1v4upo7 -> 0 comments
2026-08-09 22:49:31,141 INFO Reddit: post 1v4l8rg -> 0 comments
2026-08-09 22:49:43,068 INFO Reddit: post 1v4d8kv -> 0 comments
2026-08-09 22:49:53,144 INFO Reddit: post 1v4d0t9 -> 0 comments
2026-08-09 22:50:04,979 INFO Reddit: post 1v3v301 -> 8 comments
2026-08-09 22:50:18,018 INFO Reddit: post 1v3fh2x -> 8 comments
2026-08-09 22:50:30,718 INFO Reddit: post 1v2wajo -> 3 comments
2026-08-09 22:50:43,614 INFO Reddit: post 1v2i5ea -> 0 comments
2026-08-09 22:50:55,725 INFO Reddit: post 1v2hrdp -> 6 comments
2026-08-09 22:51:06,304 INFO Reddit: post 1v20r1z -> 1 comments
2026-08-09 22:51:18,448 INFO Reddit: post 1v1kux5 -> 3 comments
2026-08-09 22:51:30,581 INFO Reddit: post 1v0pzkd -> 1 comments
2026-08-09 22:51:44,016 INFO Reddit: post 1uzva8p -> 12 comments
2026-08-09 22:51:55,896 INFO Reddit: post 1uyz1lk -> 7 comments
2026-08-09 22:52:07,129 INFO Reddit: post 1uy27dr -> 0 comments
2026-08-09 22:52:18,773 INFO Reddit: post 1uw80ru -> 3 comments
2026-08-09 22:52:30,125 INFO Reddit: post 1uve549 -> 0 comments
2026-08-09 22:52:30,125 INFO Reddit: r/Athletics -> 40 posts kept (0 skipped as older than the 2026-02-07 cutoff, 40 returned)
2026-08-09 22:52:47,185 INFO Reddit: post 1vju850 -> 0 comments
2026-08-09 22:52:59,827 INFO Reddit: post 1vjih90 -> 7 comments
2026-08-09 22:53:11,750 INFO Reddit: post 1vjignn -> 7 comments
2026-08-09 22:53:24,787 INFO Reddit: post 1vjhdbp -> 7 comments
2026-08-09 22:53:36,471 INFO Reddit: post 1visd71 -> 3 comments
2026-08-09 22:53:49,703 INFO Reddit: post 1viiuii -> 16 comments
2026-08-09 22:54:01,651 INFO Reddit: post 1vi4dk0 -> 5 comments
2026-08-09 22:54:14,581 INFO Reddit: post 1vhlw1j -> 14 comments
2026-08-09 22:54:28,223 INFO Reddit: post 1vhdmjw -> 22 comments
2026-08-09 22:54:41,794 INFO Reddit: post 1vh5lh5 -> 18 comments
2026-08-09 22:54:55,090 INFO Reddit: post 1vh1jmm -> 25 comments
2026-08-09 22:55:08,744 INFO Reddit: post 1vgzem5 -> 19 comments
2026-08-09 22:55:21,274 INFO Reddit: post 1vgy928 -> 18 comments
2026-08-09 22:55:35,080 INFO Reddit: post 1vgth46 -> 25 comments
2026-08-09 22:55:50,085 INFO Reddit: post 1vgbg8m -> 41 comments
2026-08-09 22:55:59,478 INFO Reddit: post 1vg8qfs -> 12 comments
2026-08-09 22:56:12,166 INFO Reddit: post 1vg615k -> 11 comments
2026-08-09 22:56:24,641 INFO Reddit: post 1vfzfg1 -> 4 comments
2026-08-09 22:56:38,695 INFO Reddit: post 1vfy6q1 -> 30 comments
2026-08-09 22:56:52,827 INFO Reddit: post 1vftqe4 -> 29 comments
2026-08-09 22:57:06,867 INFO Reddit: post 1vfqlg0 -> 6 comments
2026-08-09 22:57:19,428 INFO Reddit: post 1vfom2i -> 13 comments
2026-08-09 22:57:31,615 INFO Reddit: post 1vfoibs -> 4 comments
2026-08-09 22:57:43,932 INFO Reddit: post 1vfi81n -> 9 comments
2026-08-09 22:57:57,441 INFO Reddit: post 1vfbyty -> 22 comments
2026-08-09 22:58:09,378 INFO Reddit: post 1vfbpuc -> 2 comments
2026-08-09 22:58:22,698 INFO Reddit: post 1vf9jee -> 11 comments
2026-08-09 22:58:38,333 INFO Reddit: post 1vf942h -> 39 comments
2026-08-09 22:58:51,981 INFO Reddit: post 1vf5pvr -> 10 comments
2026-08-09 22:59:08,013 INFO Reddit: post 1vem7xa -> 38 comments
2026-08-09 22:59:20,715 INFO Reddit: post 1veb8fe -> 18 comments
2026-08-09 22:59:33,193 INFO Reddit: post 1ve63ra -> 14 comments
2026-08-09 22:59:45,308 INFO Reddit: post 1vdxq9l -> 10 comments
2026-08-09 23:00:11,705 INFO Reddit: post 1vdw5a0 -> 23 comments
2026-08-09 23:00:24,625 INFO Reddit: post 1vduydl -> 16 comments
2026-08-09 23:00:37,634 INFO Reddit: post 1vdichv -> 4 comments
2026-08-09 23:00:51,037 INFO Reddit: post 1vdcmtu -> 8 comments
2026-08-09 23:01:04,225 INFO Reddit: post 1vcrjj0 -> 9 comments
2026-08-09 23:01:17,265 INFO Reddit: post 1vce97y -> 13 comments
2026-08-09 23:01:32,126 INFO Reddit: post 1vcdhgc -> 27 comments
2026-08-09 23:01:32,126 INFO Reddit: r/badminton -> 40 posts kept (0 skipped as older than the 2026-02-07 cutoff, 40 returned)
2026-08-09 23:01:49,167 INFO Reddit: post 1vju850 -> 0 comments
2026-08-09 23:02:01,161 INFO Reddit: post 1vjih90 -> 7 comments
2026-08-09 23:02:13,774 INFO Reddit: post 1vjignn -> 7 comments
2026-08-09 23:02:25,889 INFO Reddit: post 1vjhdbp -> 7 comments
2026-08-09 23:02:37,549 INFO Reddit: post 1visd71 -> 3 comments
2026-08-09 23:02:50,970 INFO Reddit: post 1viiuii -> 16 comments
2026-08-09 23:03:02,877 INFO Reddit: post 1vi4dk0 -> 5 comments
2026-08-09 23:03:15,170 INFO Reddit: post 1vhlw1j -> 14 comments
2026-08-09 23:03:29,287 INFO Reddit: post 1vhdmjw -> 22 comments
2026-08-09 23:03:43,048 INFO Reddit: post 1vh5lh5 -> 18 comments
2026-08-09 23:03:57,408 INFO Reddit: post 1vh1jmm -> 25 comments
2026-08-09 23:04:11,302 INFO Reddit: post 1vgzem5 -> 19 comments
2026-08-09 23:04:25,087 INFO Reddit: post 1vgy928 -> 18 comments
2026-08-09 23:04:38,525 INFO Reddit: post 1vgth46 -> 25 comments
2026-08-09 23:04:54,180 INFO Reddit: post 1vgbg8m -> 41 comments
2026-08-09 23:05:07,666 INFO Reddit: post 1vg8qfs -> 12 comments
2026-08-09 23:05:21,537 INFO Reddit: post 1vg615k -> 11 comments
2026-08-09 23:05:33,580 INFO Reddit: post 1vfzfg1 -> 4 comments
2026-08-09 23:05:47,604 INFO Reddit: post 1vfy6q1 -> 30 comments
2026-08-09 23:06:02,240 INFO Reddit: post 1vftqe4 -> 29 comments
2026-08-09 23:06:15,126 INFO Reddit: post 1vfqlg0 -> 6 comments
2026-08-09 23:06:27,251 INFO Reddit: post 1vfom2i -> 13 comments
2026-08-09 23:06:40,446 INFO Reddit: post 1vfoibs -> 4 comments
2026-08-09 23:06:54,336 INFO Reddit: post 1vfi81n -> 9 comments
2026-08-09 23:07:08,252 INFO Reddit: post 1vfbyty -> 22 comments
2026-08-09 23:07:21,423 INFO Reddit: post 1vfbpuc -> 2 comments
2026-08-09 23:07:35,997 INFO Reddit: post 1vf9jee -> 11 comments
2026-08-09 23:07:52,141 INFO Reddit: post 1vf942h -> 39 comments
2026-08-09 23:08:05,297 INFO Reddit: post 1vf5pvr -> 10 comments
2026-08-09 23:08:21,341 INFO Reddit: post 1vem7xa -> 38 comments
2026-08-09 23:08:35,069 INFO Reddit: post 1veb8fe -> 18 comments
2026-08-09 23:08:49,530 INFO Reddit: post 1ve63ra -> 14 comments
2026-08-09 23:09:02,313 INFO Reddit: post 1vdxq9l -> 10 comments
2026-08-09 23:09:16,512 INFO Reddit: post 1vdw5a0 -> 23 comments
2026-08-09 23:09:29,220 INFO Reddit: post 1vduydl -> 16 comments
2026-08-09 23:09:40,580 INFO Reddit: post 1vdichv -> 4 comments
2026-08-09 23:09:53,092 INFO Reddit: post 1vdcmtu -> 8 comments
2026-08-09 23:10:05,363 INFO Reddit: post 1vcrjj0 -> 9 comments
2026-08-09 23:10:18,874 INFO Reddit: post 1vce97y -> 13 comments
2026-08-09 23:10:33,071 INFO Reddit: post 1vcdhgc -> 27 comments
2026-08-09 23:10:33,085 INFO Reddit: r/badminton -> 40 posts kept (0 skipped as older than the 2026-02-07 cutoff, 40 returned)
2026-08-09 23:10:53,285 INFO Reddit: post 1vjvosp -> 14 comments
2026-08-09 23:11:07,408 INFO Reddit: post 1vjveak -> 20 comments
2026-08-09 23:11:21,641 INFO Reddit: post 1vjuidh -> 25 comments
2026-08-09 23:11:40,332 INFO Reddit: post 1vjsy1r -> 52 comments
2026-08-09 23:11:52,787 INFO Reddit: post 1vjr5ra -> 6 comments
2026-08-09 23:12:05,403 INFO Reddit: post 1vjphja -> 1 comments
2026-08-09 23:12:18,227 INFO Reddit: post 1vjpaxc -> 11 comments
2026-08-09 23:12:43,503 INFO Reddit: post 1vjp1v7 -> 2 comments
2026-08-09 23:12:59,698 INFO Reddit: post 1vjode8 -> 45 comments
2026-08-09 23:13:14,705 INFO Reddit: post 1vjnb08 -> 35 comments
2026-08-09 23:13:30,473 INFO Reddit: post 1vjiyxw -> 26 comments
2026-08-09 23:13:45,966 INFO Reddit: post 1vjg7tj -> 39 comments
2026-08-09 23:13:58,616 INFO Reddit: post 1vjfqi9 -> 13 comments
2026-08-09 23:14:13,968 INFO Reddit: post 1vjfgrt -> 35 comments
2026-08-09 23:14:29,058 INFO Reddit: post 1vjf5fw -> 8 comments
2026-08-09 23:14:45,046 INFO Reddit: post 1vjevd6 -> 37 comments
2026-08-09 23:15:01,875 INFO Reddit: post 1vjdp5o -> 43 comments
2026-08-09 23:15:17,927 INFO Reddit: post 1vjd1pa -> 44 comments
2026-08-09 23:15:34,022 INFO Reddit: post 1vjczx7 -> 56 comments
2026-08-09 23:15:46,927 INFO Reddit: post 1vjcag8 -> 7 comments
2026-08-09 23:15:59,520 INFO Reddit: post 1vjc3o8 -> 3 comments
2026-08-09 23:16:13,845 INFO Reddit: post 1vjb1jq -> 27 comments
2026-08-09 23:16:26,132 INFO Reddit: post 1vjak9p -> 10 comments
2026-08-09 23:16:39,439 INFO Reddit: post 1vj9eye -> 4 comments
2026-08-09 23:16:51,901 INFO Reddit: post 1vj9d4u -> 7 comments
2026-08-09 23:17:05,591 INFO Reddit: post 1vj86xu -> 26 comments
2026-08-09 23:17:21,548 INFO Reddit: post 1vj7lhz -> 46 comments
2026-08-09 23:17:33,074 INFO Reddit: post 1vj77xf -> 0 comments
2026-08-09 23:17:50,035 INFO Reddit: post 1vj6esh -> 20 comments
2026-08-09 23:18:03,507 INFO Reddit: post 1vj6dok -> 13 comments
2026-08-09 23:18:16,412 INFO Reddit: post 1vj6b36 -> 12 comments
2026-08-09 23:18:32,482 INFO Reddit: post 1vj64n6 -> 44 comments
2026-08-09 23:18:46,089 INFO Reddit: post 1vj4dyq -> 20 comments
2026-08-09 23:19:13,451 INFO Reddit: post 1vj481d -> 26 comments
2026-08-09 23:19:27,663 INFO Reddit: post 1vj47y8 -> 16 comments
2026-08-09 23:19:43,883 INFO Reddit: post 1vj3vqy -> 44 comments
2026-08-09 23:19:55,870 INFO Reddit: post 1vj3oe3 -> 2 comments
2026-08-09 23:20:09,472 INFO Reddit: post 1vj3646 -> 13 comments
2026-08-09 23:20:26,706 INFO Reddit: post 1vj2zb7 -> 54 comments
2026-08-09 23:20:38,821 INFO Reddit: post 1vj2uqz -> 8 comments
2026-08-09 23:20:38,821 INFO Reddit: r/tennis -> 40 posts kept (0 skipped as older than the 2026-02-07 cutoff, 40 returned)
2026-08-09 23:21:11,086 INFO Reddit: post 1vjltpg -> 20 comments
2026-08-09 23:21:24,080 INFO Reddit: post 1vjl2vx -> 7 comments
2026-08-09 23:21:51,928 INFO Reddit: post 1vjfrdi -> 36 comments
2026-08-09 23:22:07,186 INFO Reddit: post 1vjer92 -> 34 comments
2026-08-09 23:22:20,683 INFO Reddit: post 1vja076 -> 27 comments
2026-08-09 23:22:34,479 INFO Reddit: post 1vj9cbg -> 33 comments
2026-08-09 23:23:02,176 INFO Reddit: post 1vj8bhu -> 43 comments
2026-08-09 23:23:15,433 INFO Reddit: post 1vj7rhj -> 6 comments
2026-08-09 23:23:29,488 INFO Reddit: post 1vj3yrf -> 27 comments
2026-08-09 23:23:43,754 INFO Reddit: post 1vj1oj0 -> 28 comments
2026-08-09 23:23:59,480 INFO Reddit: post 1vj1g79 -> 32 comments
2026-08-09 23:24:12,468 INFO Reddit: post 1vj1g66 -> 6 comments
2026-08-09 23:24:24,426 INFO Reddit: post 1vj0bmd -> 5 comments
2026-08-09 23:24:36,537 INFO Reddit: post 1vj0b5g -> 8 comments
2026-08-09 23:24:48,944 INFO Reddit: post 1viz3od -> 5 comments
2026-08-09 23:25:04,655 INFO Reddit: post 1vixwhr -> 36 comments
2026-08-09 23:25:29,338 INFO Reddit: post 1vixszu -> 17 comments
2026-08-09 23:25:41,878 INFO Reddit: post 1viwgyf -> 7 comments
2026-08-09 23:25:58,493 INFO Reddit: post 1viuvp4 -> 31 comments
2026-08-09 23:26:14,873 INFO Reddit: post 1viupda -> 26 comments
2026-08-09 23:26:28,079 INFO Reddit: post 1viup5o -> 9 comments
2026-08-09 23:26:41,068 INFO Reddit: post 1viu7dn -> 8 comments
2026-08-09 23:26:59,662 INFO Reddit: post 1viqp1f -> 39 comments
2026-08-09 23:27:13,910 INFO Reddit: post 1vin0yh -> 19 comments
2026-08-09 23:27:30,258 INFO Reddit: post 1vilsuu -> 55 comments
2026-08-09 23:27:57,742 INFO Reddit: post 1vikfxs -> 35 comments
2026-08-09 23:28:11,407 INFO Reddit: post 1vijx3k -> 22 comments
2026-08-09 23:28:27,821 INFO Reddit: post 1vijlod -> 39 comments
2026-08-09 23:28:44,348 INFO Reddit: post 1vijfih -> 40 comments
2026-08-09 23:29:00,141 INFO Reddit: post 1vij6kf -> 39 comments
2026-08-09 23:29:14,184 INFO Reddit: post 1vihkxi -> 20 comments
2026-08-09 23:29:28,042 INFO Reddit: post 1viffhx -> 18 comments
2026-08-09 23:29:41,821 INFO Reddit: post 1videzh -> 6 comments
2026-08-09 23:29:54,915 INFO Reddit: post 1vicuxf -> 7 comments
2026-08-09 23:30:12,955 INFO Reddit: post 1vi9186 -> 38 comments
2026-08-09 23:30:27,624 INFO Reddit: post 1vi8xrb -> 34 comments
2026-08-09 23:30:41,462 INFO Reddit: post 1vi7wh5 -> 24 comments
2026-08-09 23:30:58,467 INFO Reddit: post 1vi4o73 -> 43 comments
2026-08-09 23:31:14,100 INFO Reddit: post 1vi2v8y -> 48 comments
2026-08-09 23:31:28,320 INFO Reddit: post 1vhzsjm -> 14 comments
2026-08-09 23:31:28,321 INFO Reddit: r/Boxing -> 40 posts kept (0 skipped as older than the 2026-02-07 cutoff, 40 returned)
2026-08-09 23:31:50,307 INFO Reddit: post 1vjs42a -> 38 comments
2026-08-09 23:32:01,547 INFO Reddit: post 1vjmixz -> 0 comments
2026-08-09 23:32:29,239 INFO Reddit: post 1vjfwli -> 43 comments
2026-08-09 23:32:41,229 INFO Reddit: post 1vj8evf -> 0 comments
2026-08-09 23:32:53,869 INFO Reddit: post 1vj508t -> 4 comments
2026-08-09 23:33:08,695 INFO Reddit: post 1vj4plw -> 24 comments
2026-08-09 23:33:24,232 INFO Reddit: post 1vj36s8 -> 37 comments
2026-08-09 23:33:38,471 INFO Reddit: post 1vj245u -> 21 comments
2026-08-09 23:33:49,409 INFO Reddit: post 1vj1ttv -> 1 comments
2026-08-09 23:34:01,618 INFO Reddit: post 1vj1jrd -> 2 comments
2026-08-09 23:34:17,948 INFO Reddit: post 1vix7dz -> 26 comments
2026-08-09 23:34:45,523 INFO Reddit: post 1vivwzt -> 2 comments
2026-08-09 23:35:02,544 INFO Reddit: post 1vitt8v -> 55 comments
2026-08-09 23:35:19,428 INFO Reddit: post 1vioi7v -> 42 comments
2026-08-09 23:35:33,104 INFO Reddit: post 1vhrbsy -> 0 comments
2026-08-09 23:35:58,548 INFO Reddit: post 1vhbadq -> 18 comments
2026-08-09 23:36:23,106 INFO Reddit: post 1vh69ol -> 9 comments
2026-08-09 23:36:35,260 INFO Reddit: post 1vh2f7k -> 1 comments
2026-08-09 23:36:47,709 INFO Reddit: post 1vgtzty -> 4 comments
2026-08-09 23:37:16,734 INFO Reddit: post 1vgplrw -> 55 comments
2026-08-09 23:37:29,671 INFO Reddit: post 1vgn0o0 -> 4 comments
2026-08-09 23:37:45,721 INFO Reddit: post 1vgk7eu -> 36 comments
2026-08-09 23:37:57,136 INFO Reddit: post 1vgi9ek -> 0 comments
2026-08-09 23:38:09,124 INFO Reddit: post 1vgc9i8 -> 0 comments
2026-08-09 23:38:21,546 INFO Reddit: post 1vgarqs -> 0 comments
2026-08-09 23:38:34,103 INFO Reddit: post 1vg90h4 -> 8 comments
2026-08-09 23:38:48,791 INFO Reddit: post 1vg6war -> 17 comments
2026-08-09 23:39:01,246 INFO Reddit: post 1vg3r33 -> 0 comments
2026-08-09 23:39:14,754 INFO Reddit: post 1vfudjx -> 24 comments
2026-08-09 23:39:27,631 INFO Reddit: post 1vfmush -> 15 comments
2026-08-09 23:39:41,471 INFO Reddit: post 1vfe5og -> 17 comments
2026-08-09 23:39:58,701 INFO Reddit: post 1vf9t2f -> 43 comments
2026-08-09 23:40:11,939 INFO Reddit: post 1vet6hr -> 7 comments
2026-08-09 23:40:24,164 INFO Reddit: post 1veimpd -> 0 comments
2026-08-09 23:40:36,720 INFO Reddit: post 1ve2muq -> 7 comments
2026-08-09 23:40:50,976 INFO Reddit: post 1vdrquv -> 26 comments
2026-08-09 23:41:03,438 INFO Reddit: post 1vdgfcx -> 2 comments
2026-08-09 23:41:17,976 INFO Reddit: post 1vd807d -> 27 comments
2026-08-09 23:41:31,483 INFO Reddit: post 1vd6gq8 -> 1 comments
2026-08-09 23:41:42,137 INFO Reddit: post 1vd26v1 -> 0 comments
2026-08-09 23:41:42,138 INFO Reddit: r/lebron -> 40 posts kept (0 skipped as older than the 2026-02-07 cutoff, 40 returned)
2026-08-09 23:42:00,350 INFO Reddit: post 1vjwr62 -> 2 comments
2026-08-09 23:42:11,696 INFO Reddit: post 1vjwpd8 -> 5 comments
2026-08-09 23:42:36,377 INFO Reddit: post 1vjwb12 -> 4 comments
2026-08-09 23:43:01,357 INFO Reddit: post 1vjw78j -> 3 comments
2026-08-09 23:43:26,147 INFO Reddit: post 1vjw1hy -> 10 comments
2026-08-09 23:43:52,472 INFO Reddit: post 1vjvzbp -> 16 comments
2026-08-09 23:44:04,234 INFO Reddit: post 1vjvy8m -> 1 comments
2026-08-09 23:44:28,930 INFO Reddit: post 1vjvrvo -> 8 comments
2026-08-09 23:44:41,247 INFO Reddit: post 1vjvky5 -> 1 comments
2026-08-09 23:44:53,791 INFO Reddit: post 1vjvelc -> 5 comments
2026-08-09 23:45:07,777 INFO Reddit: post 1vjvd1m -> 16 comments
2026-08-09 23:45:23,586 INFO Reddit: post 1vjvb7a -> 32 comments
2026-08-09 23:45:35,603 INFO Reddit: post 1vjvaj5 -> 2 comments
2026-08-09 23:45:47,441 INFO Reddit: post 1vjv9ib -> 2 comments
2026-08-09 23:46:01,544 INFO Reddit: post 1vjv4ba -> 22 comments
2026-08-09 23:46:15,650 INFO Reddit: post 1vjv3u4 -> 15 comments
2026-08-09 23:46:29,535 INFO Reddit: post 1vjv2d8 -> 14 comments
2026-08-09 23:46:43,696 INFO Reddit: post 1vjux5u -> 25 comments
2026-08-09 23:46:55,324 INFO Reddit: post 1vjuv8y -> 1 comments
2026-08-09 23:47:07,676 INFO Reddit: post 1vjus3v -> 1 comments
2026-08-09 23:47:19,139 INFO Reddit: post 1vjuqds -> 1 comments
2026-08-09 23:47:31,282 INFO Reddit: post 1vjubye -> 1 comments
2026-08-09 23:47:45,645 INFO Reddit: post 1vju3sk -> 23 comments
2026-08-09 23:48:02,804 INFO Reddit: post 1vju2tc -> 55 comments
2026-08-09 23:48:15,188 INFO Reddit: post 1vjtvvy -> 1 comments
2026-08-09 23:48:40,241 INFO Reddit: post 1vjtqqe -> 1 comments
2026-08-09 23:48:54,806 INFO Reddit: post 1vjtd50 -> 24 comments
2026-08-09 23:49:06,688 INFO Reddit: post 1vjssw2 -> 6 comments
2026-08-09 23:49:19,367 INFO Reddit: post 1vjsrch -> 1 comments
2026-08-09 23:49:45,437 INFO Reddit: post 1vjsm7h -> 20 comments
2026-08-09 23:50:00,360 INFO Reddit: post 1vjslys -> 10 comments
2026-08-09 23:50:13,716 INFO Reddit: post 1vjskju -> 12 comments
2026-08-09 23:50:25,395 INFO Reddit: post 1vjsje6 -> 1 comments
2026-08-09 23:50:49,316 INFO Reddit: post 1vjsjcs -> 1 comments
2026-08-09 23:51:07,351 INFO Reddit: post 1vjsif9 -> 46 comments
2026-08-09 23:51:20,303 INFO Reddit: post 1vjsbd2 -> 11 comments
2026-08-09 23:51:32,225 INFO Reddit: post 1vjs9kc -> 1 comments
2026-08-09 23:51:45,933 INFO Reddit: post 1vjs9fl -> 5 comments
2026-08-09 23:51:58,689 INFO Reddit: post 1vjs8vs -> 1 comments
2026-08-09 23:52:12,208 INFO Reddit: post 1vjs8bw -> 13 comments
2026-08-09 23:52:12,208 INFO Reddit: r/soccer -> 40 posts kept (0 skipped as older than the 2026-02-07 cutoff, 40 returned)
